=== Normalization Debug ===

W type     : Parametrisation{1, 3, ComplexF64}
W.poly type: DensePolynomial{ComplexF64, 3, 3, Array{ComplexF64, 3}}
W.poly.coefficients size: (57954, 1, 55)
Index of [1,0,0] in W: 1
Index of [0,1,0] in W: 2
Total monomials in W  : 55
ndims(coeff_W) = 3

‖φ₁‖₂     = 1.12976e+06
max|φ₁_i| = 21021.8
min|φ₁_i| = 0.0974106

--- Limit cycle amplitudes ---
  Re      η             ρ* (DPIM)       ρ_phys=ρ·‖φ₁‖   Ω (rad/s)     St=Ω·D/U
   51.5  -9.7820e-04  4.752159e-08  5.368805e-02  +4538555161282144632832.00000  72233348841328771072.0000
   52.0  -1.1649e-03  5.659191e-08  6.393534e-02  +9127905686609081663488.00000  145275131010045640704.0000
   53.0  -1.5278e-03  7.421913e-08  8.384990e-02  +27003326659604336607232.00000  429771291780118872064.0000
   55.0  -2.2139e-03  1.075506e-07  1.215065e-01  +119070804540971714347008.00000  1895070712062454792192.0000
   58.0  -3.1543e-03  1.532377e-07  1.731220e-01  +490700521491491836657664.00000  7809741357314175139840.0000
   60.0  -3.7290e-03  1.811576e-07  2.046649e-01  +958473765799107259006976.00000  15254583765083155857408.0000
   65.0  -5.0111e-03  2.434405e-07  2.750296e-01  +3125539268429371530018816.00000  49744502439836091678720.0000
   70.0  -6.1100e-03  2.968258e-07  3.353423e-01  +6908126528631744019562496.00000  109946248453599768084480.0000

--- Re_c (linear stability boundary) ---
  σ₀      = Re(c₁₀₀) = -0.071477
  dσ/dη   = Re(c₁₀₁) = -77.0554
  η_c     = -0.000927608  →  Re_c = 51.3662
  Re_c bisection: no sign change in (44.0, 62.0)
  σ(44.0)=5.236e+22  σ(62.0)=5.872e+23

=== End ===
