============================================================
Kármán Vortex Street DPIM  (Re₀ = 49.03,  order = 5)
  results → /Users/tiago/Desktop/AM-TUM/Code/MORFE_jl/demo/KármánVortexStreet/results/Re49.03_ord5
============================================================

[1/9] Generating Turek–Schäfer mesh ...

[2/9] Ferrite P2/P1 Taylor-Hood FEM setup ...
  Free DOFs (steady state): 57860
  Free DOFs (DPIM, inlet free): 57954

[3/9] Newton steady-state at Re₀ = 49.03 ...

[4/9] Assembling linearised NSE operators ...
  B₁ nnz = 1694642,  B₀ nnz = 1694642

[5/9] Assembling K_visc and base-flow forcing h₀ ...
  K_visc nnz = 581470

[6/9] Shift-invert ARPACK eigenproblem ...

[7/9] Building NDOrderModel and multiindex set ...
  55 monomials (NVAR=3, order ≤ 5)

[8/9] Solving cohomological equations (order 5) ...

[9/9] Realifying reduced dynamics ...

Reduced dynamics (real form) — nonzero monomials:
  [1, 0, 0]            : -0.0714772 + 16.9389im
  [0, 1, 0]            : -16.9389 - 0.0714772im
  [1, 0, 1]            : -78.5227 + 167.619im
  [0, 1, 1]            : -167.619 - 78.5227im
  [3, 0, 0]            : -225947.0 + 84719.0im
  [2, 1, 0]            : -84719.0 - 225947.0im
  [1, 2, 0]            : -225947.0 + 84719.0im
  [1, 0, 2]            : -9847.17 + 720.79im
  [0, 3, 0]            : -84719.0 - 225947.0im
  [0, 1, 2]            : -720.79 - 9847.17im
  [3, 0, 1]            : -1.58246e6 - 1.23676e7im
  [2, 1, 1]            : 1.23676e7 - 1.58246e6im
  [1, 2, 1]            : -1.58246e6 - 1.23676e7im
  [1, 0, 3]            : 758763.0 - 3.21641e6im
  [0, 3, 1]            : 1.23676e7 - 1.58246e6im
  [0, 1, 3]            : 3.21641e6 + 758763.0im
  [5, 0, 0]            : 1.80121e10 - 9.23902e10im
  [4, 1, 0]            : 9.23902e10 + 1.80121e10im
  [3, 2, 0]            : 3.60242e10 - 1.8478e11im
  [3, 0, 2]            : -1.75105e9 - 6.79237e9im
  [2, 3, 0]            : 1.8478e11 + 3.60242e10im
  [2, 1, 2]            : 6.79237e9 - 1.75105e9im
  [1, 4, 0]            : 1.80121e10 - 9.23902e10im
  [1, 2, 2]            : -1.75105e9 - 6.79237e9im
  [1, 0, 4]            : -2.05475e8 + 1.27415e9im
  [0, 5, 0]            : 9.23902e10 + 1.80121e10im
  [0, 3, 2]            : 6.79237e9 - 1.75105e9im
  [0, 1, 4]            : -1.27415e9 - 2.05475e8im

============================================================
Kármán Vortex Street DPIM — Summary
  Re₀ = 49.03,  order = 5,  NVAR = 3,  FOM = 57860
  Hopf eigenvalue:  λ₁ = -0.071477 +16.938945·i
------------------------------------------------------------
  [1] Mesh generation                       0.789 s      0.07 GB
  [2] FEM setup                             4.171 s      0.93 GB
  [3] Newton steady-state                   8.068 s      2.07 GB
  [4] Linear operators                      0.484 s      0.22 GB
  [5] K_visc + h₀                           0.328 s      0.08 GB
  [6] Eigenproblem                         20.768 s      2.84 GB
  [8] Cohomological solve                  59.528 s     76.72 GB
============================================================

Results saved to: /Users/tiago/Desktop/AM-TUM/Code/MORFE_jl/demo/KármánVortexStreet/results/Re49.03_ord5
  reduced_dynamics.txt, W.jls, R.jls, vtk_data.jls, summary.log
