============================================================
Kármán Vortex Street DPIM  (Re₀ = 49.2894,  order = 9)
  results → /Users/tiago/Desktop/AM-TUM/Code/MORFE_jl/examples/05_karman_vortex_street/results/Re49.29_ord9
============================================================

[1/9] Generating Turek–Schäfer mesh ...

[2/9] Ferrite P2/P1 Taylor-Hood FEM setup ...
  Free DOFs (steady state): 57860
  Free DOFs (DPIM, inlet free): 57954

[3/9] Newton steady-state at Re₀ = 49.2894 ...

[4/9] Assembling linearised NSE operators ...
  B₁ nnz = 1694642,  B₀ nnz = 1694642

[5/9] Assembling K_visc and base-flow forcing h₀ ...
  K_visc nnz = 1162880

[6/9] Shift-invert ARPACK eigenproblem ...

[7/9] Building NDOrderModel and multiindex set ...
  219 monomials (NVAR=3, order ≤ 9)

[8/9] Solving cohomological equations (order 9) ...

[9/10] Realifying reduced dynamics ...

Reduced dynamics (real form) — nonzero monomials:
  [1, 0, 0]            : -0.0116924 + 17.0224im
  [0, 1, 0]            : -17.0224 - 0.0116924im
  [1, 0, 1]            : -326.94 - 577.813im
  [0, 1, 1]            : 577.813 - 326.94im
  [3, 0, 0]            : -0.166367 + 0.0446338im
  [2, 1, 0]            : -0.0446338 - 0.166367im
  [1, 2, 0]            : -0.166367 + 0.0446338im
  [1, 0, 2]            : 13530.0 + 21422.8im
  [0, 3, 0]            : -0.0446338 - 0.166367im
  [0, 1, 2]            : -21422.8 + 13530.0im
  [3, 0, 1]            : -38.1405 - 103.37im
  [2, 1, 1]            : 103.37 - 38.1405im
  [1, 2, 1]            : -38.1405 - 103.37im
  [1, 0, 3]            : -501166.0 - 643286.0im
  [0, 3, 1]            : 103.37 - 38.1405im
  [0, 1, 3]            : 643286.0 - 501166.0im
  [5, 0, 0]            : -0.00228721 - 0.0772843im
  [4, 1, 0]            : 0.0772843 - 0.00228721im
  [3, 2, 0]            : -0.00457442 - 0.154569im
  [3, 0, 2]            : -35099.9 - 157573.0im
  [2, 3, 0]            : 0.154569 - 0.00457442im
  [2, 1, 2]            : 157573.0 - 35099.9im
  [1, 4, 0]            : -0.00228721 - 0.0772843im
  [1, 2, 2]            : -35099.9 - 157573.0im
  [1, 0, 4]            : 8.70669e6 + 9.14474e6im
  [0, 5, 0]            : 0.0772843 - 0.00228721im
  [0, 3, 2]            : 157573.0 - 35099.9im
  [0, 1, 4]            : -9.14474e6 + 8.70669e6im
  [5, 0, 1]            : -55.4717 - 276.583im
  [4, 1, 1]            : 276.583 - 55.4717im
  [3, 2, 1]            : -110.943 - 553.166im
  [3, 0, 3]            : -3.68601e7 - 1.73958e8im
  [2, 3, 1]            : 553.166 - 110.943im
  [2, 1, 3]            : 1.73958e8 - 3.68601e7im
  [1, 4, 1]            : -55.4717 - 276.583im
  [1, 2, 3]            : -3.68601e7 - 1.73958e8im
  [1, 0, 5]            : 2.13047e8 + 1.9927e8im
  [0, 5, 1]            : 276.583 - 55.4717im
  [0, 3, 3]            : 1.73958e8 - 3.68601e7im
  [0, 1, 5]            : -1.9927e8 + 2.13047e8im
  [7, 0, 0]            : -0.0217474 - 0.0810945im
  [6, 1, 0]            : 0.0810945 - 0.0217474im
  [5, 2, 0]            : -0.0652422 - 0.243284im
  [5, 0, 2]            : -162598.0 - 725746.0im
  [4, 3, 0]            : 0.243284 - 0.0652422im
  [4, 1, 2]            : 725746.0 - 162598.0im
  [3, 4, 0]            : -0.0652422 - 0.243284im
  [3, 2, 2]            : -325196.0 - 1.45149e6im
  [3, 0, 4]            : -3.83129e10 - 1.79534e11im
  [2, 5, 0]            : 0.243284 - 0.0652422im
  [2, 3, 2]            : 1.45149e6 - 325196.0im
  [2, 1, 4]            : 1.79534e11 - 3.83129e10im
  [1, 6, 0]            : -0.0217474 - 0.0810945im
  [1, 4, 2]            : -162598.0 - 725746.0im
  [1, 2, 4]            : -3.83129e10 - 1.79534e11im
  [1, 0, 6]            : -2.78644e10 - 1.3397e10im
  [0, 7, 0]            : 0.0810945 - 0.0217474im
  [0, 5, 2]            : 725746.0 - 162598.0im
  [0, 3, 4]            : 1.79534e11 - 3.83129e10im
  [0, 1, 6]            : 1.3397e10 - 2.78644e10im
  [7, 0, 1]            : -152.951 - 640.006im
  [6, 1, 1]            : 640.006 - 152.951im
  [5, 2, 1]            : -458.854 - 1920.02im
  [5, 0, 3]            : -3.90805e8 - 1.72962e9im
  [4, 3, 1]            : 1920.02 - 458.854im
  [4, 1, 3]            : 1.72962e9 - 3.90805e8im
  [3, 4, 1]            : -458.854 - 1920.02im
  [3, 2, 3]            : -7.81609e8 - 3.45925e9im
  [3, 0, 5]            : -3.91329e13 - 1.82563e14im
  [2, 5, 1]            : 1920.02 - 458.854im
  [2, 3, 3]            : 3.45925e9 - 7.81609e8im
  [2, 1, 5]            : 1.82563e14 - 3.91329e13im
  [1, 6, 1]            : -152.951 - 640.006im
  [1, 4, 3]            : -3.90805e8 - 1.72962e9im
  [1, 2, 5]            : -3.91329e13 - 1.82563e14im
  [1, 0, 7]            : 2.77395e12 - 5.18536e11im
  [0, 7, 1]            : 640.006 - 152.951im
  [0, 5, 3]            : 1.72962e9 - 3.90805e8im
  [0, 3, 5]            : 1.82563e14 - 3.91329e13im
  [0, 1, 7]            : 5.18536e11 + 2.77395e12im
  [9, 0, 0]            : -0.0388014 - 0.166289im
  [8, 1, 0]            : 0.166289 - 0.0388014im
  [7, 2, 0]            : -0.155206 - 0.665158im
  [7, 0, 2]            : -760688.0 - 3.27908e6im
  [6, 3, 0]            : 0.665158 - 0.155206im
  [6, 1, 2]            : 3.27908e6 - 760688.0im
  [5, 4, 0]            : -0.232808 - 0.997736im
  [5, 2, 2]            : -2.28206e6 - 9.83724e6im
  [5, 0, 4]            : -8.88506e11 - 3.94586e12im
  [4, 5, 0]            : 0.997736 - 0.232808im
  [4, 3, 2]            : 9.83724e6 - 2.28206e6im
  [4, 1, 4]            : 3.94586e12 - 8.88506e11im
  [3, 6, 0]            : -0.155206 - 0.665158im
  [3, 4, 2]            : -2.28206e6 - 9.83724e6im
  [3, 2, 4]            : -1.77701e12 - 7.89172e12im
  [3, 0, 6]            : -3.97329e16 - 1.851e17im
  [2, 7, 0]            : 0.665158 - 0.155206im
  [2, 5, 2]            : 9.83724e6 - 2.28206e6im
  [2, 3, 4]            : 7.89172e12 - 1.77701e12im
  [2, 1, 6]            : 1.851e17 - 3.97329e16im
  [1, 8, 0]            : -0.0388014 - 0.166289im
  [1, 6, 2]            : -760688.0 - 3.27908e6im
  [1, 4, 4]            : -8.88506e11 - 3.94586e12im
  [1, 2, 6]            : -3.97329e16 - 1.851e17im
  [1, 0, 8]            : -3.48267e14 + 2.10118e14im
  [0, 9, 0]            : 0.166289 - 0.0388014im
  [0, 7, 2]            : 3.27908e6 - 760688.0im
  [0, 5, 4]            : 3.94586e12 - 8.88506e11im
  [0, 3, 6]            : 1.851e17 - 3.97329e16im
  [0, 1, 8]            : -2.10118e14 - 3.48267e14im

============================================================
Kármán Vortex Street DPIM — Summary
  Re₀ = 49.2894,  order = 9,  NVAR = 3,  FOM = 57860
  Hopf eigenvalue:  λ₁ = -0.011692 +17.022389·i
------------------------------------------------------------
  [1] Mesh generation                       0.624 s      0.07 GB
  [2] FEM setup                             4.120 s      0.93 GB
  [3] Newton steady-state                   8.353 s      2.07 GB
  [4] Linear operators                      0.507 s      0.22 GB
  [5] K_visc + h₀                           0.335 s      0.08 GB
  [6] Eigenproblem                         16.497 s      2.67 GB
  [8] Cohomological solve                 356.536 s    333.59 GB
============================================================
  Lift polynomial: L0 = 0.000390, 219 coefficients

[10/10] Exporting R coefficients and generating MATLAB files ...
  R_coefficients.csv  (50 rows)
  L_coefficients.csv  (219 polynomial rows, L0 = 0.00039001)
  vec_fields_karman.m + vec_fields_karman_DFDX.m  written to data/

Results saved to: /Users/tiago/Desktop/AM-TUM/Code/MORFE_jl/examples/05_karman_vortex_street/results/Re49.29_ord9
  summary.log, summary.txt
  data/: reduced_dynamics.txt, W.jls, R.jls, vtk_data.jls
         R_coefficients.csv, vec_fields_karman.m, vec_fields_karman_DFDX.m
         L_coefficients.csv, lift_karman.m
