============================================================
Kármán Vortex Street DPIM  (Re₀ = 50.0,  order = 7)
  results → /Users/tiago/Desktop/AM-TUM/Code/MORFE_jl/examples/05_karman_vortex_street/results/Re50.00_ord7
============================================================

[1/9] Generating Turek–Schäfer mesh ...

[2/9] Ferrite P2/P1 Taylor-Hood FEM setup ...
  Free DOFs (steady state): 57860
  Free DOFs (DPIM, inlet free): 57954

[3/9] Newton steady-state at Re₀ = 50.0 ...

[4/9] Assembling linearised NSE operators ...
  B₁ nnz = 1694642,  B₀ nnz = 1694642

[5/9] Assembling K_visc and base-flow forcing h₀ ...
  K_visc nnz = 1162880

[6/9] Shift-invert ARPACK eigenproblem ...

[7/9] Building NDOrderModel and multiindex set ...
  119 monomials (NVAR=3, order ≤ 7)

[8/9] Solving cohomological equations (order 7) ...

[9/10] Realifying reduced dynamics ...

Reduced dynamics (real form) — nonzero monomials:
  [1, 0, 0]            : 0.0514728 + 17.0373im
  [0, 1, 0]            : -17.0373 + 0.0514728im
  [0, 0, 1]            : -78.6198 - 22.9655im
  [2, 0, 0]            : -0.00713261 + 0.00145448im
  [1, 1, 0]            : -0.0034181 - 0.00424976im
  [1, 0, 1]            : -338.989 - 597.886im
  [0, 2, 0]            : -0.00211022 - 0.00229069im
  [0, 1, 1]            : 571.767 - 323.776im
  [0, 0, 2]            : 6656.61 + 2550.31im
  [3, 0, 0]            : -0.139146 + 0.0456589im
  [2, 1, 0]            : -0.0131613 - 0.153847im
  [2, 0, 1]            : 0.0962632 - 0.963423im
  [1, 2, 0]            : -0.169688 + 0.107232im
  [1, 1, 1]            : -2.58511 + 0.908153im
  [1, 0, 2]            : 11240.6 + 22355.8im
  [0, 3, 0]            : -0.0756128 - 0.183252im
  [0, 2, 1]            : -0.725787 - 3.96863im
  [0, 1, 2]            : -21283.5 + 16411.2im
  [0, 0, 3]            : -381948.0 - 108441.0im
  [4, 0, 0]            : 2.30327e-5 + 0.00043045im
  [3, 1, 0]            : 0.000175128 + 0.000397616im
  [3, 0, 1]            : -25.5302 - 60.3783im
  [2, 2, 0]            : -3.43858e-5 + 0.00096765im
  [2, 1, 1]            : 51.4584 - 14.7205im
  [2, 0, 2]            : 137.542 + 432.137im
  [1, 3, 0]            : 8.58901e-5 + 0.00082281im
  [1, 2, 1]            : -41.233 - 64.2754im
  [1, 1, 2]            : -418.726 - 816.734im
  [1, 0, 3]            : -213716.0 - 365943.0im
  [0, 4, 0]            : -0.000499683 + 0.000452347im
  [0, 3, 1]            : 55.3896 - 30.3687im
  [0, 2, 2]            : 849.291 + 39.16im
  [0, 1, 3]            : 943907.0 - 806106.0im
  [0, 0, 4]            : 1.98846e7 - 453473.0im
  [5, 0, 0]            : 0.00871531 - 0.0449925im
  [4, 1, 0]            : 0.0388902 + 0.0108008im
  [4, 0, 1]            : 0.0601468 + 0.465172im
  [3, 2, 0]            : 0.00618926 - 0.0927077im
  [3, 1, 1]            : -0.170131 - 1.10927im
  [3, 0, 2]            : -20824.0 - 86729.2im
  [2, 3, 0]            : 0.0815159 + 0.0100773im
  [2, 2, 1]            : 1.22541 + 0.768746im
  [2, 1, 2]            : 87280.3 - 20242.3im
  [2, 0, 3]            : 276893.0 + 628805.0im
  [1, 4, 0]            : -0.00147529 - 0.0459882im
  [1, 3, 1]            : -0.396223 - 1.01013im
  [1, 2, 2]            : -20268.3 - 87991.5im
  [1, 1, 3]            : -384092.0 - 719089.0im
  [1, 0, 4]            : 1.62601e7 - 4.43358e7im
  [0, 5, 0]            : 0.0408961 + 0.000320157im
  [0, 4, 1]            : 1.05724 + 0.0871196im
  [0, 3, 2]            : 88522.5 - 19713.5im
  [0, 2, 3]            : 1.00956e6 + 258395.0im
  [0, 1, 4]            : -5.53166e7 + 3.29436e6im
  [0, 0, 5]            : -1.3121e9 + 4.75951e8im
  [6, 0, 0]            : 0.000131991 + 2.436e-5im
  [5, 1, 0]            : -6.88025e-5 - 0.000312415im
  [5, 0, 1]            : -19.8153 - 118.924im
  [4, 2, 0]            : 0.00073305 + 2.40179e-6im
  [4, 1, 1]            : 116.934 - 18.7976im
  [4, 0, 2]            : 269.749 + 1192.81im
  [3, 3, 0]            : -0.00018394 - 0.000586449im
  [3, 2, 1]            : -41.2726 - 240.313im
  [3, 1, 2]            : -1080.72 - 2271.0im
  [3, 0, 3]            : -1.76993e7 - 8.45495e7im
  [2, 4, 0]            : 0.00103513 - 0.000118038im
  [2, 3, 1]            : 236.628 - 39.098im
  [2, 2, 2]            : 2799.97 + 1339.51im
  [2, 1, 3]            : 8.46167e7 - 1.78991e7im
  [2, 0, 4]            : 2.46027e8 + 6.13289e8im
  [1, 5, 0]            : -0.000104546 - 0.000279392im
  [1, 4, 1]            : -21.7948 - 120.875im
  [1, 3, 2]            : -1123.78 - 2291.57im
  [1, 2, 3]            : -1.76136e7 - 8.46728e7im
  [1, 1, 4]            : -3.53029e8 - 7.03309e8im
  [1, 0, 5]            : -5.75946e9 + 2.687e8im
  [0, 6, 0]            : 0.000438729 - 8.48895e-5im
  [0, 5, 1]            : 119.179 - 20.6369im
  [0, 4, 2]            : 2547.7 + 108.271im
  [0, 3, 3]            : 8.47388e7 - 1.78077e7im
  [0, 2, 4]            : 9.50823e8 + 2.59075e8im
  [0, 1, 5]            : 6.13035e9 + 8.74803e9im
  [0, 0, 6]            : 1.07813e11 - 1.10842e10im
  [7, 0, 0]            : -0.00794066 - 0.0239535im
  [6, 1, 0]            : 0.022818 - 0.00726866im
  [6, 0, 1]            : 0.0209838 + 0.401439im
  [5, 2, 0]            : -0.0238747 - 0.0726047im
  [5, 1, 1]            : -0.585545 - 1.14521im
  [5, 0, 2]            : -49722.3 - 230802.0im
  [4, 3, 0]            : 0.0694933 - 0.0216624im
  [4, 2, 1]            : 1.20525 + 0.634048im
  [4, 1, 2]            : 230306.0 - 49992.1im
  [4, 0, 3]            : 653390.0 + 2.36024e6im
  [3, 4, 0]            : -0.0243454 - 0.0729239im
  [3, 3, 1]            : -1.20734 - 2.28897im
  [3, 2, 2]            : -100242.0 - 462036.0im
  [3, 1, 3]            : -2.189e6 - 4.08946e6im
  [3, 0, 4]            : -1.56965e10 - 7.41236e10im
  [2, 5, 0]            : 0.0700882 - 0.0219515im
  [2, 4, 1]            : 2.36478 + 0.0267625im
  [2, 3, 2]            : 461001.0 - 100744.0im
  [2, 2, 3]            : 5.40132e6 + 2.52659e6im
  [2, 1, 4]            : 7.41391e10 - 1.57075e10im
  [2, 0, 5]            : 2.13179e11 + 5.30858e11im
  [1, 6, 0]            : -0.00838455 - 0.0243051im
  [1, 5, 1]            : -0.619994 - 1.13483im
  [1, 4, 2]            : -50586.7 - 231271.0im
  [1, 3, 3]            : -2.19834e6 - 4.09014e6im
  [1, 2, 4]            : -1.56348e10 - 7.42876e10im
  [1, 1, 5]            : -3.07897e11 - 6.13607e11im
  [1, 0, 6]            : -1.74345e11 - 2.13873e12im
  [0, 7, 0]            : 0.0234451 - 0.00753093im
  [0, 6, 1]            : 1.17105 - 0.202497im
  [0, 5, 2]            : 230734.0 - 50818.6im
  [0, 4, 3]            : 4.74811e6 + 159270.0im
  [0, 3, 4]            : 7.43042e10 - 1.56461e10im
  [0, 2, 5]            : 8.27675e11 + 2.24096e11im
  [0, 1, 6]            : 3.29415e12 + 2.21513e12im
  [0, 0, 7]            : -2.88318e12 + 4.18382e12im

============================================================
Kármán Vortex Street DPIM — Summary
  Re₀ = 50.0,  order = 7,  NVAR = 3,  FOM = 57860
  Hopf eigenvalue:  λ₁ = +0.051473 +17.037258·i
------------------------------------------------------------
  [1] Mesh generation                       0.646 s      0.07 GB
  [2] FEM setup                             4.170 s      0.93 GB
  [3] Newton steady-state                   8.081 s      2.07 GB
  [4] Linear operators                      0.506 s      0.22 GB
  [5] K_visc + h₀                           0.347 s      0.08 GB
  [6] Eigenproblem                         16.652 s      2.73 GB
  [8] Cohomological solve                 158.310 s    147.03 GB
============================================================
  Lift polynomial: L0 = 0.000395, 119 coefficients

[10/10] Exporting R coefficients and generating MATLAB files ...
  R_coefficients.csv  (119 rows)
  L_coefficients.csv  (119 polynomial rows, L0 = 0.000394825)
  vec_fields_karman.m + vec_fields_karman_DFDX.m  written to data/

Results saved to: /Users/tiago/Desktop/AM-TUM/Code/MORFE_jl/examples/05_karman_vortex_street/results/Re50.00_ord7
  summary.log, summary.txt
  data/: reduced_dynamics.txt, W.jls, R.jls, vtk_data.jls
         R_coefficients.csv, vec_fields_karman.m, vec_fields_karman_DFDX.m
         L_coefficients.csv, lift_karman.m
