============================================================
Kármán Vortex Street DPIM  (Re₀ = 49.03,  order = 5)
  results → /Users/tiago/Desktop/AM-TUM/Code/MORFE_jl/demo/KármánVortexStreet/results/Re49.03_ord5
============================================================

[1/9] Generating Turek–Schäfer mesh ...

[2/9] Ferrite P2/P1 Taylor-Hood FEM setup ...
  Free DOFs: 57860

[3/9] Newton steady-state at Re₀ = 49.03 ...

[4/9] Assembling linearised NSE operators ...
  B₁ nnz = 1691298,  B₀ nnz = 1691298

[5/9] Assembling K_visc and base-flow forcing h₀ ...
  K_visc nnz = 580172

[6/9] Shift-invert ARPACK eigenproblem ...

[7/9] Building NDOrderModel and multiindex set ...
  55 monomials (NVAR=3, order ≤ 5)

[8/9] Solving cohomological equations (order 5) ...

[9/9] Realifying reduced dynamics ...

Reduced dynamics (real form) — nonzero monomials:
  [1, 0, 0]            : [0.00394703, 0.00394703, 0.0]
  [0, 1, 0]            : [-16.8588, -16.8588, 0.0]
  [1, 0, 1]            : [223.56, 223.56, 0.0]
  [0, 1, 1]            : [-45.6543, -45.6543, 0.0]
  [3, 0, 0]            : [-3.46998e16, -3.46998e16, 0.0]
  [2, 1, 0]            : [4.47548e16, 4.47548e16, 0.0]
  [1, 2, 0]            : [-3.46998e16, -3.46998e16, 0.0]
  [1, 0, 2]            : [-4.92607e11, -4.92607e11, 0.0]
  [0, 3, 0]            : [4.47548e16, 4.47548e16, 0.0]
  [0, 1, 2]            : [-2.43739e11, -2.43739e11, 0.0]
  [3, 0, 1]            : [-2.49597e29, -2.49597e29, 0.0]
  [2, 1, 1]            : [2.30727e29, 2.30727e29, 0.0]
  [1, 2, 1]            : [-2.49597e29, -2.49597e29, 0.0]
  [1, 0, 3]            : [-3.08945e22, -3.08945e22, 0.0]
  [0, 3, 1]            : [2.30727e29, 2.30727e29, 0.0]
  [0, 1, 3]            : [1.65947e23, 1.65947e23, 0.0]
  [5, 0, 0]            : [-2.06598e35, -2.06598e35, 0.0]
  [4, 1, 0]            : [7.8547e35, 7.8547e35, 0.0]
  [3, 2, 0]            : [-4.13196e35, -4.13196e35, 0.0]
  [3, 0, 2]            : [-1.08716e42, -1.08716e42, 0.0]
  [2, 3, 0]            : [1.57094e36, 1.57094e36, 0.0]
  [2, 1, 2]            : [6.8297300000000005e41, 6.8297300000000005e41, 0.0]
  [1, 4, 0]            : [-2.06598e35, -2.06598e35, 0.0]
  [1, 2, 2]            : [-1.08716e42, -1.08716e42, 0.0]
  [1, 0, 4]            : [1.6329500000000001e35, 1.6329500000000001e35, 0.0]
  [0, 5, 0]            : [7.8547e35, 7.8547e35, 0.0]
  [0, 3, 2]            : [6.8297300000000005e41, 6.8297300000000005e41, 0.0]
  [0, 1, 4]            : [-5.12405e35, -5.12405e35, 0.0]

============================================================
Kármán Vortex Street DPIM — Summary
  Re₀ = 49.03,  order = 5,  NVAR = 3,  FOM = 57860
  Hopf eigenvalue:  λ₁ = +0.003947 +16.858812·i
------------------------------------------------------------
  [1] Mesh generation                       0.631 s      0.07 GB
  [2] FEM setup                             4.420 s      0.93 GB
  [3] Newton steady-state                   8.103 s      2.07 GB
  [4] Linear operators                      0.476 s      0.22 GB
  [5] K_visc + h₀                           0.332 s      0.08 GB
  [6] Eigenproblem                         20.898 s      2.79 GB
  [8] Cohomological solve                  61.699 s     76.57 GB
============================================================

Results saved to: /Users/tiago/Desktop/AM-TUM/Code/MORFE_jl/demo/KármánVortexStreet/results/Re49.03_ord5
  reduced_dynamics.txt, W.jls, R.jls, summary.log
