============================================================
Kármán Vortex Street DPIM  (Re₀ = 49.03,  order = 7)
  results → /Users/tiago/Desktop/AM-TUM/Code/MORFE_jl/examples/05_karman_vortex_street/results/Re49.03_ord7
============================================================

[1/9] Generating Turek–Schäfer mesh ...

[2/9] Ferrite P2/P1 Taylor-Hood FEM setup ...
  Free DOFs (steady state): 57860
  Free DOFs (DPIM, inlet free): 57860

[3/9] Newton steady-state at Re₀ = 49.03 ...

[4/9] Assembling linearised NSE operators ...
  B₁ nnz = 1691298,  B₀ nnz = 1691298

[5/9] Assembling K_visc and base-flow forcing h₀ ...
  K_visc nnz = 1160316

[6/9] Shift-invert ARPACK eigenproblem ...

[7/9] Building NDOrderModel and multiindex set ...
  119 monomials (NVAR=3, order ≤ 7)

[8/9] Solving cohomological equations (order 7) ...

[9/10] Realifying reduced dynamics ...

Reduced dynamics (real form) — nonzero monomials:
  [1, 0, 0]            : 0.00402844 + 16.8592im
  [0, 1, 0]            : -16.8592 + 0.00402844im
  [1, 0, 1]            : -212.578 - 59.0392im
  [0, 1, 1]            : 59.0392 - 212.578im
  [3, 0, 0]            : -0.111011 + 0.0706508im
  [2, 1, 0]            : -0.0706508 - 0.111011im
  [1, 2, 0]            : -0.111011 + 0.0706508im
  [1, 0, 2]            : 2990.9 + 80.2122im
  [0, 3, 0]            : -0.0706508 - 0.111011im
  [0, 1, 2]            : -80.2122 + 2990.9im
  [3, 0, 1]            : -4.67175 + 8.77663im
  [2, 1, 1]            : -8.77663 - 4.67175im
  [1, 2, 1]            : -4.67175 + 8.77663im
  [1, 0, 3]            : -51149.0 + 47632.2im
  [0, 3, 1]            : -8.77663 - 4.67175im
  [0, 1, 3]            : -47632.2 - 51149.0im
  [5, 0, 0]            : 0.00592475 - 0.00139524im
  [4, 1, 0]            : 0.00139524 + 0.00592475im
  [3, 2, 0]            : 0.0118495 - 0.00279048im
  [3, 0, 2]            : -733.514 + 828.849im
  [2, 3, 0]            : 0.00279048 + 0.0118495im
  [2, 1, 2]            : -828.849 - 733.514im
  [1, 4, 0]            : 0.00592475 - 0.00139524im
  [1, 2, 2]            : -733.514 + 828.849im
  [1, 0, 4]            : -45770.7 - 2.07847e6im
  [0, 5, 0]            : 0.00139524 + 0.00592475im
  [0, 3, 2]            : -828.849 - 733.514im
  [0, 1, 4]            : 2.07847e6 - 45770.7im
  [5, 0, 1]            : 1.22969 - 0.77417im
  [4, 1, 1]            : 0.77417 + 1.22969im
  [3, 2, 1]            : 2.45937 - 1.54834im
  [3, 0, 3]            : -39971.8 + 63577.2im
  [2, 3, 1]            : 1.54834 + 2.45937im
  [2, 1, 3]            : -63577.2 - 39971.8im
  [1, 4, 1]            : 1.22969 - 0.77417im
  [1, 2, 3]            : -39971.8 + 63577.2im
  [1, 0, 5]            : 3.21213e7 + 3.12649e7im
  [0, 5, 1]            : 0.77417 + 1.22969im
  [0, 3, 3]            : -63577.2 - 39971.8im
  [0, 1, 5]            : -3.12649e7 + 3.21213e7im
  [7, 0, 0]            : -0.000596625 + 0.000283358im
  [6, 1, 0]            : -0.000283358 - 0.000596625im
  [5, 2, 0]            : -0.00178987 + 0.000850075im
  [5, 0, 2]            : 274.383 - 238.643im
  [4, 3, 0]            : -0.000850075 - 0.00178987im
  [4, 1, 2]            : 238.643 + 274.383im
  [3, 4, 0]            : -0.00178987 + 0.000850075im
  [3, 2, 2]            : 548.767 - 477.287im
  [3, 0, 4]            : -3.92737e6 + 5.95922e6im
  [2, 5, 0]            : -0.000850075 - 0.00178987im
  [2, 3, 2]            : 477.287 + 548.767im
  [2, 1, 4]            : -5.95922e6 - 3.92737e6im
  [1, 6, 0]            : -0.000596625 + 0.000283358im
  [1, 4, 2]            : 274.383 - 238.643im
  [1, 2, 4]            : -3.92737e6 + 5.95922e6im
  [1, 0, 6]            : -2.08361e9 + 5.86914e8im
  [0, 7, 0]            : -0.000283358 - 0.000596625im
  [0, 5, 2]            : 238.643 + 274.383im
  [0, 3, 4]            : -5.95922e6 - 3.92737e6im
  [0, 1, 6]            : -5.86914e8 - 2.08361e9im

============================================================
Kármán Vortex Street DPIM — Summary
  Re₀ = 49.03,  order = 7,  NVAR = 3,  FOM = 57860
  Hopf eigenvalue:  λ₁ = +0.004028 +16.859169·i
------------------------------------------------------------
  [1] Mesh generation                       0.844 s      0.07 GB
  [2] FEM setup                             4.196 s      0.94 GB
  [3] Newton steady-state                   8.096 s      2.09 GB
  [4] Linear operators                      0.496 s      0.22 GB
  [5] K_visc + h₀                           0.324 s      0.08 GB
  [6] Eigenproblem                         17.447 s      2.75 GB
  [8] Cohomological solve                 153.825 s    146.65 GB
============================================================
  Lift polynomial: L0 = 0.000388, 119 coefficients

[10/10] Exporting R coefficients and generating MATLAB files ...
  R_coefficients.csv  (32 rows)
  L_coefficients.csv  (119 polynomial rows, L0 = 0.000388203)
  vec_fields_karman.m + vec_fields_karman_DFDX.m  written to data/

Results saved to: /Users/tiago/Desktop/AM-TUM/Code/MORFE_jl/examples/05_karman_vortex_street/results/Re49.03_ord7
  summary.log, summary.txt
  data/: reduced_dynamics.txt, W.jls, R.jls, vtk_data.jls
         R_coefficients.csv, vec_fields_karman.m, vec_fields_karman_DFDX.m
         L_coefficients.csv, lift_karman.m
