
============================================================
Kármán Vortex Street DPIM  (Re₀ = 49.03,  order = 3)
  results → /Users/tiago/Desktop/AM-TUM/Code/MORFE_jl/examples/05_karman_vortex_street/results/Re49.03_ord3
============================================================
  Free DOFs (steady state): 57860
  Free DOFs (DPIM): 57860
  λ[1] = +0.0040284400 +16.8591690210 i
  λ[2] = +0.0040284400 -16.8591690210 i

[7/10] Building NDOrderModel and multiindex set ...
  19 monomials (NVAR=3, order ≤ 3)

[8/10] Solving cohomological equations (order 3) ...

Resonance set  (NVAR=3, max_degree=3)
     Target 1:  4 monomials
       [1, 0, 0]  [1, 0, 1]  [2, 1, 0]  [1, 0, 2]
     Target 2:  4 monomials
       [0, 1, 0]  [0, 1, 1]  [1, 2, 0]  [0, 1, 2]
     Target 3:  0 monomials

[9/10] Realifying reduced dynamics ...

Reduced dynamics (real form) — nonzero monomials:
  [1, 0, 0]            : 0.00402844 + 16.8592im
  [0, 1, 0]            : -16.8592 + 0.00402844im
  [1, 0, 1]            : -212.008 - 59.1077im
  [0, 1, 1]            : 59.1077 - 212.008im
  [3, 0, 0]            : -0.111011 + 0.0706508im
  [2, 1, 0]            : -0.0706508 - 0.111011im
  [1, 2, 0]            : -0.111011 + 0.0706508im
  [1, 0, 2]            : 2981.09 + 95.235im
  [0, 3, 0]            : -0.0706508 - 0.111011im
  [0, 1, 2]            : -95.235 + 2981.09im
  Lift polynomial: L0 = 0.000388, 19 coefficients
  tke_gram_re.csv, tke_gram_im.csv, tke_avector.csv  written to data/

[10/10] Exporting R and L coefficients ...
  R_coefficients.csv  (8 rows)
  L_coefficients.csv  (19 polynomial rows, L0 = 0.000388203)

------------------------------------------------------------
  order 3:  19 monomials,  cohomological solve 24.361 s  55.49 GB
  results saved to: /Users/tiago/Desktop/AM-TUM/Code/MORFE_jl/examples/05_karman_vortex_street/results/Re49.03_ord3
------------------------------------------------------------
